/
├─ addresses/
│  ├─•
│  ┆
│  ├─•
│  ┆
│  ┆
│  └─ <capture>/
│     └─•
├─ node-info/
│  └─•
├─ node-settings/
│  └─•
├─ transactions/
│  ├─ certificates/
│  │  └─•
│  ├─ externally-signed/
│  │  └─•
│  ├─ fees/
│  │  └─•
│  ├─ unsigned/
│  │  └─•
│  ├─•
│  ┆
│  └─•
└─ wallets/
   ├─•
   ┆
   ├─•
   ┆
   ┆
   ├─ <capture>/
   │  ├─ password/
   │  │  └─•
   │  ├─ statistics/
   │  │  └─ utxos/
   │  │     └─•
   │  ├─•
   │  ┆
   │  ├─•
   │  ┆
   │  └─•
   ┆
   ├─ externally-owned/
   │  ├─•
   │  ┆
   │  ┆
   │  ├─ <capture>/
   │  │  ├─•
   │  │  ┆
   │  │  ├─•
   │  │  ┆
   │  │  └─•
   │  ┆
   │  └─•
   ┆
   └─ <capture>/
      └─ accounts/
         ├─ <capture>/
         │  ├─•
         │  ┆
         │  └─•
         ┆
         ├─•
         ┆
         ├─•
         ┆
         ┆
         └─ <capture>/
            ├─ addresses/
            │  └─•
            ├─ amount/
            │  └─•
            └─•
